Starting a Gradle Daemon, 4 stopped Daemons could not be reused, use --status for details
> Task :gradle-plugin:settings-plugin:checkKotlinGradlePluginConfigurationErrors SKIPPED
> Task :gradle-plugin:shared:checkKotlinGradlePluginConfigurationErrors SKIPPED
> Task :gradle-plugin:shared:compileKotlin UP-TO-DATE
> Task :gradle-plugin:shared:compileJava NO-SOURCE
> Task :gradle-plugin:shared:processResources NO-SOURCE
> Task :gradle-plugin:shared:classes UP-TO-DATE
> Task :gradle-plugin:shared:jar UP-TO-DATE
> Task :gradle-plugin:settings-plugin:compileKotlin UP-TO-DATE
> Task :gradle-plugin:settings-plugin:compileJava NO-SOURCE
> Task :gradle-plugin:settings-plugin:pluginDescriptors UP-TO-DATE
> Task :gradle-plugin:settings-plugin:processResources UP-TO-DATE
> Task :gradle-plugin:settings-plugin:classes UP-TO-DATE
> Task :gradle-plugin:settings-plugin:jar UP-TO-DATE
> Task :gradle-plugin:react-native-gradle-plugin:checkKotlinGradlePluginConfigurationErrors SKIPPED
> Task :gradle-plugin:react-native-gradle-plugin:compileKotlin UP-TO-DATE
> Task :gradle-plugin:react-native-gradle-plugin:compileJava NO-SOURCE
> Task :gradle-plugin:react-native-gradle-plugin:pluginDescriptors UP-TO-DATE
> Task :gradle-plugin:react-native-gradle-plugin:processResources UP-TO-DATE
> Task :gradle-plugin:react-native-gradle-plugin:classes UP-TO-DATE
> Task :gradle-plugin:react-native-gradle-plugin:jar UP-TO-DATE

> Configure project :react-native-reanimated
Android gradle plugin: 8.8.2
Gradle: 8.13

> Task :app:buildKotlinToolingMetadata
> Task :app:checkKotlinGradlePluginConfigurationErrors SKIPPED
> Task :app:generateAutolinkingNewArchitectureFiles
> Task :app:generateAutolinkingPackageList
> Task :app:generateCodegenSchemaFromJavaScript SKIPPED
> Task :app:generateCodegenArtifactsFromSchema SKIPPED
> Task :app:preBuild
> Task :app:preReleaseBuild
> Task :app:generateReleaseBuildConfig
> Task :react-native-async-storage_async-storage:generateCodegenSchemaFromJavaScript
> Task :react-native-async-storage_async-storage:generateCodegenArtifactsFromSchema
> Task :react-native-async-storage_async-storage:preBuild
> Task :react-native-async-storage_async-storage:preReleaseBuild
> Task :react-native-async-storage_async-storage:writeReleaseAarMetadata
> Task :react-native-gesture-handler:generateCodegenSchemaFromJavaScript
> Task :react-native-gesture-handler:generateCodegenArtifactsFromSchema
> Task :react-native-gesture-handler:preBuild
> Task :react-native-gesture-handler:preReleaseBuild
> Task :react-native-gesture-handler:writeReleaseAarMetadata
> Task :react-native-image-picker:generateCodegenSchemaFromJavaScript
> Task :react-native-image-picker:generateCodegenArtifactsFromSchema
> Task :react-native-image-picker:preBuild
> Task :react-native-image-picker:preReleaseBuild
> Task :react-native-reanimated:assertMinimalReactNativeVersionTask SKIPPED
> Task :react-native-image-picker:writeReleaseAarMetadata
> Task :react-native-reanimated:generateCodegenSchemaFromJavaScript
> Task :react-native-reanimated:generateCodegenArtifactsFromSchema
> Task :react-native-reanimated:prepareReanimatedHeadersForPrefabs
> Task :react-native-reanimated:prepareWorkletsHeadersForPrefabs
> Task :react-native-reanimated:preBuild
> Task :react-native-reanimated:preReleaseBuild
> Task :react-native-reanimated:writeReleaseAarMetadata
> Task :react-native-safe-area-context:generateCodegenSchemaFromJavaScript
> Task :react-native-safe-area-context:generateCodegenArtifactsFromSchema
> Task :react-native-safe-area-context:preBuild
> Task :react-native-safe-area-context:preReleaseBuild
> Task :react-native-safe-area-context:writeReleaseAarMetadata
> Task :react-native-screens:generateCodegenSchemaFromJavaScript
> Task :react-native-screens:generateCodegenArtifactsFromSchema
> Task :react-native-screens:preBuild
> Task :react-native-screens:preReleaseBuild
> Task :react-native-screens:writeReleaseAarMetadata

> Task :app:createBundleReleaseJsAndAssets
 WARN  the transform cache was reset.
                Welcome to Metro v0.82.1
              Fast - Scalable - Integrated


Writing bundle output to: android\app\build\generated\assets\createBundleReleaseJsAndAssets\index.android.bundle
Writing sourcemap output to: android\app\build\intermediates\sourcemaps\react\release\index.android.bundle.packager.map
Done writing bundle output
Done writing sourcemap output
Copying 50 asset files
Done copying assets

> Task :app:generateReleaseResValues
> Task :react-native-async-storage_async-storage:generateReleaseResValues
> Task :app:checkReleaseAarMetadata
> Task :react-native-async-storage_async-storage:generateReleaseResources
> Task :react-native-async-storage_async-storage:packageReleaseResources
> Task :react-native-gesture-handler:generateReleaseResValues
> Task :react-native-gesture-handler:generateReleaseResources
> Task :react-native-gesture-handler:packageReleaseResources
> Task :react-native-image-picker:generateReleaseResValues
> Task :react-native-image-picker:generateReleaseResources
> Task :react-native-image-picker:packageReleaseResources
> Task :react-native-reanimated:generateReleaseResValues
> Task :react-native-reanimated:generateReleaseResources
> Task :react-native-reanimated:packageReleaseResources
> Task :react-native-safe-area-context:generateReleaseResValues
> Task :react-native-safe-area-context:generateReleaseResources
> Task :react-native-safe-area-context:packageReleaseResources
> Task :react-native-screens:generateReleaseResValues
> Task :react-native-screens:generateReleaseResources
> Task :react-native-screens:packageReleaseResources
> Task :app:mapReleaseSourceSetPaths
> Task :app:generateReleaseResources
> Task :app:packageReleaseResources
> Task :app:createReleaseCompatibleScreenManifests
> Task :app:extractDeepLinksRelease
> Task :react-native-async-storage_async-storage:extractDeepLinksRelease
> Task :react-native-gesture-handler:extractDeepLinksRelease
> Task :react-native-image-picker:extractDeepLinksRelease
> Task :react-native-reanimated:extractDeepLinksRelease
> Task :react-native-safe-area-context:extractDeepLinksRelease
> Task :react-native-screens:extractDeepLinksRelease
> Task :react-native-gesture-handler:processReleaseManifest

> Task :react-native-image-picker:processReleaseManifest
package="com.imagepicker" found in source AndroidManifest.xml: D:\Plant_App\PlantApp\node_modules\react-native-image-picker\android\src\main\AndroidManifest.xml.
Setting the namespace via the package attribute in the source AndroidManifest.xml is no longer supported, and the value is ignored.
Recommendation: remove package="com.imagepicker" from the source AndroidManifest.xml: D:\Plant_App\PlantApp\node_modules\react-native-image-picker\android\src\main\AndroidManifest.xml.

> Task :react-native-async-storage_async-storage:compileReleaseLibraryResources
> Task :app:parseReleaseLocalResources

> Task :react-native-async-storage_async-storage:processReleaseManifest
package="com.reactnativecommunity.asyncstorage" found in source AndroidManifest.xml: D:\Plant_App\PlantApp\node_modules\@react-native-async-storage\async-storage\android\src\main\AndroidManifest.xml.
Setting the namespace via the package attribute in the source AndroidManifest.xml is no longer supported, and the value is ignored.
Recommendation: remove package="com.reactnativecommunity.asyncstorage" from the source AndroidManifest.xml: D:\Plant_App\PlantApp\node_modules\@react-native-async-storage\async-storage\android\src\main\AndroidManifest.xml.

> Task :react-native-reanimated:processReleaseManifest
> Task :react-native-async-storage_async-storage:parseReleaseLocalResources

> Task :react-native-safe-area-context:processReleaseManifest
package="com.th3rdwave.safeareacontext" found in source AndroidManifest.xml: D:\Plant_App\PlantApp\node_modules\react-native-safe-area-context\android\src\main\AndroidManifest.xml.
Setting the namespace via the package attribute in the source AndroidManifest.xml is no longer supported, and the value is ignored.
Recommendation: remove package="com.th3rdwave.safeareacontext" from the source AndroidManifest.xml: D:\Plant_App\PlantApp\node_modules\react-native-safe-area-context\android\src\main\AndroidManifest.xml.

> Task :react-native-gesture-handler:compileReleaseLibraryResources
> Task :react-native-screens:processReleaseManifest
> Task :react-native-gesture-handler:parseReleaseLocalResources
> Task :react-native-async-storage_async-storage:generateReleaseRFile
> Task :app:mergeReleaseResources
> Task :app:processReleaseMainManifest
> Task :app:processReleaseManifest
> Task :app:processReleaseManifestForPackage
> Task :react-native-image-picker:compileReleaseLibraryResources
> Task :react-native-gesture-handler:generateReleaseRFile
> Task :react-native-reanimated:compileReleaseLibraryResources
> Task :react-native-image-picker:parseReleaseLocalResources
> Task :react-native-reanimated:parseReleaseLocalResources
> Task :react-native-safe-area-context:compileReleaseLibraryResources
> Task :react-native-safe-area-context:parseReleaseLocalResources
> Task :react-native-image-picker:generateReleaseRFile
> Task :react-native-async-storage_async-storage:generateReleaseBuildConfig
> Task :react-native-reanimated:generateReleaseRFile
> Task :react-native-screens:parseReleaseLocalResources
> Task :react-native-safe-area-context:generateReleaseRFile
> Task :react-native-async-storage_async-storage:javaPreCompileRelease
> Task :react-native-screens:generateReleaseRFile
> Task :react-native-screens:compileReleaseLibraryResources

> Task :react-native-async-storage_async-storage:compileReleaseJavaWithJavac
.\gradlew : Note: Some input files use or override a deprecated API.
At line:1 char:1
+ .\gradlew assembleRelease > build.log 2>&1
+ ~~~~~~~~~~~~~~~~~~~~~~~~~~~~~~~~~~~~~~~~~~
    + CategoryInfo          : NotSpecified: (Note: Some inpu...deprecated API.:String) [], RemoteException
    + FullyQualifiedErrorId : NativeCommandError
 
Note: Recompile with -Xlint:deprecation for details.
Note: D:\Plant_App\PlantApp\node_modules\@react-native-async-storage\async-storage\android\src\javaPackage\java\com\rea
ctnativecommunity\asyncstorage\AsyncStoragePackage.java uses unchecked or unsafe operations.
Note: Recompile with -Xlint:unchecked for details.

> Task :react-native-gesture-handler:checkKotlinGradlePluginConfigurationErrors SKIPPED
> Task :react-native-gesture-handler:generateReleaseBuildConfig
> Task :react-native-reanimated:generateReleaseBuildConfig
> Task :react-native-reanimated:packageNdkLibs NO-SOURCE
> Task :react-native-reanimated:javaPreCompileRelease
> Task :react-native-gesture-handler:javaPreCompileRelease
> Task :react-native-async-storage_async-storage:bundleLibCompileToJarRelease

> Task :react-native-reanimated:compileReleaseJavaWithJavac
Note: Some input files use or override a deprecated API.
Note: Recompile with -Xlint:deprecation for details.
Note: Some input files use unchecked or unsafe operations.
Note: Recompile with -Xlint:unchecked for details.

> Task :react-native-image-picker:generateReleaseBuildConfig
> Task :react-native-safe-area-context:checkKotlinGradlePluginConfigurationErrors SKIPPED
> Task :react-native-image-picker:javaPreCompileRelease
> Task :react-native-safe-area-context:generateReleaseBuildConfig
> Task :react-native-reanimated:bundleLibCompileToJarRelease
> Task :app:processReleaseResources

> Task :react-native-image-picker:compileReleaseJavaWithJavac
Note: D:\Plant_App\PlantApp\node_modules\react-native-image-picker\android\src\main\java\com\imagepicker\ImagePickerPac
kage.java uses or overrides a deprecated API.
Note: Recompile with -Xlint:deprecation for details.

> Task :react-native-image-picker:bundleLibCompileToJarRelease
> Task :react-native-screens:checkKotlinGradlePluginConfigurationErrors SKIPPED
> Task :react-native-safe-area-context:javaPreCompileRelease
> Task :react-native-screens:generateReleaseBuildConfig
> Task :react-native-screens:javaPreCompileRelease
> Task :app:javaPreCompileRelease
> Task :app:extractProguardFiles
> Task :react-native-async-storage_async-storage:processReleaseJavaRes NO-SOURCE
> Task :react-native-async-storage_async-storage:extractProguardFiles
> Task :react-native-async-storage_async-storage:bundleLibRuntimeToJarRelease
> Task :react-native-async-storage_async-storage:generateReleaseLintModel
> Task :react-native-async-storage_async-storage:createFullJarRelease
> Task :react-native-async-storage_async-storage:prepareLintJarForPublish
> Task :react-native-gesture-handler:extractProguardFiles
> Task :react-native-reanimated:processReleaseJavaRes NO-SOURCE
> Task :react-native-reanimated:extractProguardFiles
> Task :react-native-reanimated:generateReleaseLintModel
> Task :react-native-reanimated:prepareLintJarForPublish
> Task :react-native-gesture-handler:prepareLintJarForPublish
> Task :react-native-image-picker:processReleaseJavaRes NO-SOURCE
> Task :react-native-image-picker:extractProguardFiles
> Task :react-native-image-picker:bundleLibRuntimeToJarRelease
> Task :react-native-reanimated:bundleLibRuntimeToJarRelease
> Task :react-native-image-picker:generateReleaseLintModel
> Task :react-native-reanimated:createFullJarRelease
> Task :react-native-image-picker:createFullJarRelease
> Task :react-native-image-picker:prepareLintJarForPublish
> Task :react-native-safe-area-context:extractProguardFiles
> Task :react-native-safe-area-context:prepareLintJarForPublish
> Task :react-native-screens:extractProguardFiles
> Task :react-native-screens:prepareLintJarForPublish

> Task :react-native-reanimated:configureCMakeRelWithDebInfo[arm64-v8a]
[CXX5304] This version only understands SDK XML versions up to 3 but an SDK XML file of version 4 was encountered. This can happen if you use versions of Android Studio and the command-line tools that were released at different times.
[CXX5304] This version only understands SDK XML versions up to 3 but an SDK XML file of version 4 was encountered. This can happen if you use versions of Android Studio and the command-line tools that were released at different times.

> Task :react-native-gesture-handler:compileReleaseKotlin

> Task :react-native-safe-area-context:compileReleaseKotlin
w: file:///D:/Plant_App/PlantApp/node_modules/react-native-safe-area-context/android/src/main/java/com/th3rdwave/safeareacontext/SafeAreaView.kt:59:23 'val uiImplementation: UIImplementation!' is deprecated. Deprecated in Java.

> Task :react-native-screens:compileReleaseKotlin
> Task :react-native-reanimated:configureCMakeRelWithDebInfo[armeabi-v7a]
> Task :react-native-safe-area-context:compileReleaseJavaWithJavac
> Task :react-native-safe-area-context:processReleaseJavaRes
> Task :react-native-safe-area-context:bundleLibRuntimeToJarRelease
> Task :react-native-safe-area-context:bundleLibCompileToJarRelease
> Task :react-native-safe-area-context:createFullJarRelease
> Task :react-native-safe-area-context:generateReleaseLintModel

> Task :react-native-screens:compileReleaseKotlin
w: file:///D:/Plant_App/PlantApp/node_modules/react-native-screens/android/src/main/java/com/swmansion/rnscreens/CustomToolbar.kt:41:33 'class FrameCallback : Choreographer.FrameCallback' is deprecated. Use Choreographer.FrameCallback instead.
w: file:///D:/Plant_App/PlantApp/node_modules/react-native-screens/android/src/main/java/com/swmansion/rnscreens/CustomToolbar.kt:42:18 'class FrameCallback : Choreographer.FrameCallback' is deprecated. Use Choreographer.FrameCallback instead.
w: file:///D:/Plant_App/PlantApp/node_modules/react-native-screens/android/src/main/java/com/swmansion/rnscreens/RNScreensPackage.kt:66:17 'constructor(name: String, className: String, canOverrideExistingModule: Boolean, needsEagerInit: Boolean, hasConstants: Boolean, isCxxModule: Boolean, isTurboModule: Boolean): ReactModuleInfo' is deprecated. This constructor is deprecated and will be removed in the future. Use ReactModuleInfo(String, String, boolean, boolean, boolean, boolean)].
w: file:///D:/Plant_App/PlantApp/node_modules/react-native-screens/android/src/main/java/com/swmansion/rnscreens/Screen.kt:48:77 Unchecked cast of '(androidx.coordinatorlayout.widget.CoordinatorLayout.Behavior<android.view.View!>?..androidx.coordinatorlayout.widget.CoordinatorLayout.Behavior<*>?)' to 'com.google.android.material.bottomsheet.BottomSheetBehavior<com.swmansion.rnscreens.Screen>'.
w: file:///D:/Plant_App/PlantApp/node_modules/react-native-screens/android/src/main/java/com/swmansion/rnscreens/ScreenContainer.kt:33:33 'class FrameCallback : Choreographer.FrameCallback' is deprecated. Use Choreographer.FrameCallback instead.
w: file:///D:/Plant_App/PlantApp/node_modules/react-native-screens/android/src/main/java/com/swmansion/rnscreens/ScreenContainer.kt:34:18 'class FrameCallback : Choreographer.FrameCallback' is deprecated. Use Choreographer.FrameCallback instead.
w: file:///D:/Plant_App/PlantApp/node_modules/react-native-screens/android/src/main/java/com/swmansion/rnscreens/ScreenStackFragment.kt:216:31 'var targetElevation: Float' is deprecated. Deprecated in Java.
w: file:///D:/Plant_App/PlantApp/node_modules/react-native-screens/android/src/main/java/com/swmansion/rnscreens/ScreenStackFragment.kt:219:13 'fun setHasOptionsMenu(p0: Boolean): Unit' is deprecated. Deprecated in Java.
w: file:///D:/Plant_App/PlantApp/node_modules/react-native-screens/android/src/main/java/com/swmansion/rnscreens/ScreenStackFragment.kt:379:18 This declaration overrides a deprecated member but is not marked as deprecated itself. Please add the '@Deprecated' annotation or suppress the diagnostic.
w: file:///D:/Plant_App/PlantApp/node_modules/react-native-screens/android/src/main/java/com/swmansion/rnscreens/ScreenStackFragment.kt:386:22 'fun onPrepareOptionsMenu(p0: Menu): Unit' is deprecated. Deprecated in Java.
w: file:///D:/Plant_App/PlantApp/node_modules/react-native-screens/android/src/main/java/com/swmansion/rnscreens/ScreenStackFragment.kt:389:18 This declaration overrides a deprecated member but is not marked as deprecated itself. Please add the '@Deprecated' annotation or suppress the diagnostic.
w: file:///D:/Plant_App/PlantApp/node_modules/react-native-screens/android/src/main/java/com/swmansion/rnscreens/ScreenStackFragment.kt:394:22 'fun onCreateOptionsMenu(p0: Menu, p1: MenuInflater): Unit' is deprecated. Deprecated in Java.
w: file:///D:/Plant_App/PlantApp/node_modules/react-native-screens/android/src/main/java/com/swmansion/rnscreens/ScreenStackHeaderConfigViewManager.kt:7:8 'class MapBuilder : Any' is deprecated. Deprecated in Java.
w: file:///D:/Plant_App/PlantApp/node_modules/react-native-screens/android/src/main/java/com/swmansion/rnscreens/ScreenStackHeaderConfigViewManager.kt:210:9 'class MapBuilder : Any' is deprecated. Deprecated in Java.
w: file:///D:/Plant_App/PlantApp/node_modules/react-native-screens/android/src/main/java/com/swmansion/rnscreens/ScreenStackHeaderConfigViewManager.kt:212:13 'class MapBuilder : Any' is deprecated. Deprecated in Java.
w: file:///D:/Plant_App/PlantApp/node_modules/react-native-screens/android/src/main/java/com/swmansion/rnscreens/ScreenStackHeaderConfigViewManager.kt:214:13 'class MapBuilder : Any' is deprecated. Deprecated in Java.
w: file:///D:/Plant_App/PlantApp/node_modules/react-native-screens/android/src/main/java/com/swmansion/rnscreens/ScreenViewManager.kt:7:8 'class MapBuilder : Any' is deprecated. Deprecated in Java.
w: file:///D:/Plant_App/PlantApp/node_modules/react-native-screens/android/src/main/java/com/swmansion/rnscreens/ScreenViewManager.kt:382:48 'class MapBuilder : Any' is deprecated. Deprecated in Java.
w: file:///D:/Plant_App/PlantApp/node_modules/react-native-screens/android/src/main/java/com/swmansion/rnscreens/ScreenViewManager.kt:383:49 'class MapBuilder : Any' is deprecated. Deprecated in Java.
w: file:///D:/Plant_App/PlantApp/node_modules/react-native-screens/android/src/main/java/com/swmansion/rnscreens/ScreenViewManager.kt:384:45 'class MapBuilder : Any' is deprecated. Deprecated in Java.
w: file:///D:/Plant_App/PlantApp/node_modules/react-native-screens/android/src/main/java/com/swmansion/rnscreens/ScreenViewManager.kt:385:52 'class MapBuilder : Any' is deprecated. Deprecated in Java.
w: file:///D:/Plant_App/PlantApp/node_modules/react-native-screens/android/src/main/java/com/swmansion/rnscreens/ScreenViewManager.kt:386:48 'class MapBuilder : Any' is deprecated. Deprecated in Java.
w: file:///D:/Plant_App/PlantApp/node_modules/react-native-screens/android/src/main/java/com/swmansion/rnscreens/ScreenViewManager.kt:387:51 'class MapBuilder : Any' is deprecated. Deprecated in Java.
w: file:///D:/Plant_App/PlantApp/node_modules/react-native-screens/android/src/main/java/com/swmansion/rnscreens/ScreenViewManager.kt:388:56 'class MapBuilder : Any' is deprecated. Deprecated in Java.
w: file:///D:/Plant_App/PlantApp/node_modules/react-native-screens/android/src/main/java/com/swmansion/rnscreens/ScreenViewManager.kt:389:57 'class MapBuilder : Any' is deprecated. Deprecated in Java.
w: file:///D:/Plant_App/PlantApp/node_modules/react-native-screens/android/src/main/java/com/swmansion/rnscreens/ScreenViewManager.kt:390:51 'class MapBuilder : Any' is deprecated. Deprecated in Java.
w: file:///D:/Plant_App/PlantApp/node_modules/react-native-screens/android/src/main/java/com/swmansion/rnscreens/ScreenWindowTraits.kt:55:42 'fun replaceSystemWindowInsets(p0: Int, p1: Int, p2: Int, p3: Int): WindowInsetsCompat' is deprecated. Deprecated in Java.
w: file:///D:/Plant_App/PlantApp/node_modules/react-native-screens/android/src/main/java/com/swmansion/rnscreens/ScreenWindowTraits.kt:56:39 'val systemWindowInsetLeft: Int' is deprecated. Deprecated in Java.
w: file:///D:/Plant_App/PlantApp/node_modules/react-native-screens/android/src/main/java/com/swmansion/rnscreens/ScreenWindowTraits.kt:58:39 'val systemWindowInsetRight: Int' is deprecated. Deprecated in Java.
w: file:///D:/Plant_App/PlantApp/node_modules/react-native-screens/android/src/main/java/com/swmansion/rnscreens/ScreenWindowTraits.kt:59:39 'val systemWindowInsetBottom: Int' is deprecated. Deprecated in Java.
w: file:///D:/Plant_App/PlantApp/node_modules/react-native-screens/android/src/main/java/com/swmansion/rnscreens/ScreenWindowTraits.kt:98:53 'var statusBarColor: Int' is deprecated. Deprecated in Java.
w: file:///D:/Plant_App/PlantApp/node_modules/react-native-screens/android/src/main/java/com/swmansion/rnscreens/ScreenWindowTraits.kt:109:48 'var statusBarColor: Int' is deprecated. Deprecated in Java.
w: file:///D:/Plant_App/PlantApp/node_modules/react-native-screens/android/src/main/java/com/swmansion/rnscreens/ScreenWindowTraits.kt:112:32 'var statusBarColor: Int' is deprecated. Deprecated in Java.
w: file:///D:/Plant_App/PlantApp/node_modules/react-native-screens/android/src/main/java/com/swmansion/rnscreens/ScreenWindowTraits.kt:208:72 'var navigationBarColor: Int' is deprecated. Deprecated in Java.
w: file:///D:/Plant_App/PlantApp/node_modules/react-native-screens/android/src/main/java/com/swmansion/rnscreens/ScreenWindowTraits.kt:214:16 'var navigationBarColor: Int' is deprecated. Deprecated in Java.
w: file:///D:/Plant_App/PlantApp/node_modules/react-native-screens/android/src/main/java/com/swmansion/rnscreens/SearchBarManager.kt:5:8 'class MapBuilder : Any' is deprecated. Deprecated in Java.
w: file:///D:/Plant_App/PlantApp/node_modules/react-native-screens/android/src/main/java/com/swmansion/rnscreens/SearchBarManager.kt:142:9 'class MapBuilder : Any' is deprecated. Deprecated in Java.
w: file:///D:/Plant_App/PlantApp/node_modules/react-native-screens/android/src/main/java/com/swmansion/rnscreens/SearchBarManager.kt:144:13 'class MapBuilder : Any' is deprecated. Deprecated in Java.
w: file:///D:/Plant_App/PlantApp/node_modules/react-native-screens/android/src/main/java/com/swmansion/rnscreens/SearchBarManager.kt:146:13 'class MapBuilder : Any' is deprecated. Deprecated in Java.
w: file:///D:/Plant_App/PlantApp/node_modules/react-native-screens/android/src/main/java/com/swmansion/rnscreens/SearchBarManager.kt:148:13 'class MapBuilder : Any' is deprecated. Deprecated in Java.
w: file:///D:/Plant_App/PlantApp/node_modules/react-native-screens/android/src/main/java/com/swmansion/rnscreens/SearchBarManager.kt:150:13 'class MapBuilder : Any' is deprecated. Deprecated in Java.
w: file:///D:/Plant_App/PlantApp/node_modules/react-native-screens/android/src/main/java/com/swmansion/rnscreens/SearchBarManager.kt:152:13 'class MapBuilder : Any' is deprecated. Deprecated in Java.
w: file:///D:/Plant_App/PlantApp/node_modules/react-native-screens/android/src/main/java/com/swmansion/rnscreens/SearchBarManager.kt:154:13 'class MapBuilder : Any' is deprecated. Deprecated in Java.
w: file:///D:/Plant_App/PlantApp/node_modules/react-native-screens/android/src/main/java/com/swmansion/rnscreens/bottomsheet/BottomSheetDialogRootView.kt:7:8 'object ReactFeatureFlags : Any' is deprecated. Use com.facebook.react.internal.featureflags.ReactNativeFeatureFlags instead.
w: file:///D:/Plant_App/PlantApp/node_modules/react-native-screens/android/src/main/java/com/swmansion/rnscreens/bottomsheet/BottomSheetDialogRootView.kt:25:13 'object ReactFeatureFlags : Any' is deprecated. Use com.facebook.react.internal.featureflags.ReactNativeFeatureFlags instead.

> Task :react-native-reanimated:configureCMakeRelWithDebInfo[x86]
> Task :react-native-gesture-handler:compileReleaseJavaWithJavac
> Task :react-native-gesture-handler:bundleLibCompileToJarRelease
> Task :react-native-screens:compileReleaseJavaWithJavac
> Task :react-native-gesture-handler:processReleaseJavaRes
> Task :react-native-gesture-handler:generateReleaseLintModel
> Task :react-native-screens:processReleaseJavaRes
> Task :react-native-gesture-handler:bundleLibRuntimeToJarRelease
> Task :react-native-screens:bundleLibCompileToJarRelease
> Task :react-native-screens:generateReleaseLintModel
> Task :react-native-screens:bundleLibRuntimeToJarRelease
> Task :react-native-gesture-handler:createFullJarRelease
> Task :react-native-screens:createFullJarRelease
> Task :app:compileReleaseKotlin
> Task :react-native-reanimated:configureCMakeRelWithDebInfo[x86_64]
> Task :app:compileReleaseJavaWithJavac
> Task :app:generateReleaseLintVitalReportModel
> Task :react-native-reanimated:generateJsonModelRelease
> Task :react-native-reanimated:prefabReleaseConfigurePackage
> Task :react-native-gesture-handler:configureCMakeRelWithDebInfo[arm64-v8a]
> Task :react-native-reanimated:buildCMakeRelWithDebInfo[arm64-v8a][reanimated,worklets]
C/C++: Hard link from 'C:\Users\patil\.gradle\caches\8.13\transforms\e702d807405e02934ddf4aeab8285ec0\transformed\react-android-0.79.1-release\prefab\modules\reactnative\libs\android.arm64-v8a\libreactnative.so' to 'D:\Plant_App\PlantApp\node_modules\react-native-reanimated\android\build\intermediates\cxx\RelWithDebInfo\i3mp1lk4\obj\arm64-v8a\libreactnative.so' failed. Doing a slower copy instead.
C/C++: Hard link from 'C:\Users\patil\.gradle\caches\8.13\transforms\e702d807405e02934ddf4aeab8285ec0\transformed\react-android-0.79.1-release\prefab\modules\reactnative\libs\android.arm64-v8a\libreactnative.so' to 'D:\Plant_App\PlantApp\node_modules\react-native-reanimated\android\build\intermediates\cxx\RelWithDebInfo\i3mp1lk4\obj\arm64-v8a\libreactnative.so' failed. Doing a slower copy instead.

> Task :react-native-reanimated:buildCMakeRelWithDebInfo[armeabi-v7a][reanimated,worklets]
> Task :react-native-reanimated:buildCMakeRelWithDebInfo[x86][reanimated,worklets]
> Task :react-native-reanimated:buildCMakeRelWithDebInfo[x86_64][reanimated,worklets]
C/C++: Hard link from 'C:\Users\patil\.gradle\caches\8.13\transforms\e702d807405e02934ddf4aeab8285ec0\transformed\react-android-0.79.1-release\prefab\modules\reactnative\libs\android.x86_64\libreactnative.so' to 'D:\Plant_App\PlantApp\node_modules\react-native-reanimated\android\build\intermediates\cxx\RelWithDebInfo\i3mp1lk4\obj\x86_64\libreactnative.so' failed. Doing a slower copy instead.
C/C++: Hard link from 'C:\Users\patil\.gradle\caches\8.13\transforms\e702d807405e02934ddf4aeab8285ec0\transformed\react-android-0.79.1-release\prefab\modules\reactnative\libs\android.x86_64\libreactnative.so' to 'D:\Plant_App\PlantApp\node_modules\react-native-reanimated\android\build\intermediates\cxx\RelWithDebInfo\i3mp1lk4\obj\x86_64\libreactnative.so' failed. Doing a slower copy instead.

> Task :react-native-reanimated:externalNativeBuildRelease
C/C++: Hard link from 'C:\Users\patil\.gradle\caches\8.13\transforms\e702d807405e02934ddf4aeab8285ec0\transformed\react-android-0.79.1-release\prefab\modules\reactnative\libs\android.arm64-v8a\libreactnative.so' to 'D:\Plant_App\PlantApp\node_modules\react-native-reanimated\android\build\intermediates\cmake\release\obj\arm64-v8a\libreactnative.so' failed. Doing a slower copy instead.
C/C++: Hard link from 'C:\Users\patil\.gradle\caches\8.13\transforms\e702d807405e02934ddf4aeab8285ec0\transformed\react-android-0.79.1-release\prefab\modules\reactnative\libs\android.arm64-v8a\libreactnative.so' to 'D:\Plant_App\PlantApp\node_modules\react-native-reanimated\android\build\intermediates\cmake\release\obj\arm64-v8a\libreactnative.so' failed. Doing a slower copy instead.
C/C++: Hard link from 'C:\Users\patil\.gradle\caches\8.13\transforms\e702d807405e02934ddf4aeab8285ec0\transformed\react-android-0.79.1-release\prefab\modules\reactnative\libs\android.x86_64\libreactnative.so' to 'D:\Plant_App\PlantApp\node_modules\react-native-reanimated\android\build\intermediates\cmake\release\obj\x86_64\libreactnative.so' failed. Doing a slower copy instead.
C/C++: Hard link from 'C:\Users\patil\.gradle\caches\8.13\transforms\e702d807405e02934ddf4aeab8285ec0\transformed\react-android-0.79.1-release\prefab\modules\reactnative\libs\android.x86_64\libreactnative.so' to 'D:\Plant_App\PlantApp\node_modules\react-native-reanimated\android\build\intermediates\cmake\release\obj\x86_64\libreactnative.so' failed. Doing a slower copy instead.

> Task :react-native-reanimated:prefabReleasePackage

> Task :react-native-gesture-handler:buildCMakeRelWithDebInfo[arm64-v8a]
C/C++: Hard link from 'C:\Users\patil\.gradle\caches\8.13\transforms\e702d807405e02934ddf4aeab8285ec0\transformed\react-android-0.79.1-release\prefab\modules\reactnative\libs\android.arm64-v8a\libreactnative.so' to 'D:\Plant_App\PlantApp\node_modules\react-native-gesture-handler\android\build\intermediates\cxx\RelWithDebInfo\6c5o5r5w\obj\arm64-v8a\libreactnative.so' failed. Doing a slower copy instead.
C/C++: Hard link from 'C:\Users\patil\.gradle\caches\8.13\transforms\e702d807405e02934ddf4aeab8285ec0\transformed\react-android-0.79.1-release\prefab\modules\reactnative\libs\android.arm64-v8a\libreactnative.so' to 'D:\Plant_App\PlantApp\node_modules\react-native-gesture-handler\android\build\intermediates\cxx\RelWithDebInfo\6c5o5r5w\obj\arm64-v8a\libreactnative.so' failed. Doing a slower copy instead.

> Task :react-native-gesture-handler:configureCMakeRelWithDebInfo[armeabi-v7a]
> Task :react-native-gesture-handler:buildCMakeRelWithDebInfo[armeabi-v7a]
> Task :react-native-gesture-handler:configureCMakeRelWithDebInfo[x86]
> Task :react-native-gesture-handler:buildCMakeRelWithDebInfo[x86]
> Task :react-native-gesture-handler:configureCMakeRelWithDebInfo[x86_64]

> Task :react-native-gesture-handler:buildCMakeRelWithDebInfo[x86_64]
C/C++: Hard link from 'C:\Users\patil\.gradle\caches\8.13\transforms\e702d807405e02934ddf4aeab8285ec0\transformed\react-android-0.79.1-release\prefab\modules\reactnative\libs\android.x86_64\libreactnative.so' to 'D:\Plant_App\PlantApp\node_modules\react-native-gesture-handler\android\build\intermediates\cxx\RelWithDebInfo\6c5o5r5w\obj\x86_64\libreactnative.so' failed. Doing a slower copy instead.
C/C++: Hard link from 'C:\Users\patil\.gradle\caches\8.13\transforms\e702d807405e02934ddf4aeab8285ec0\transformed\react-android-0.79.1-release\prefab\modules\reactnative\libs\android.x86_64\libreactnative.so' to 'D:\Plant_App\PlantApp\node_modules\react-native-gesture-handler\android\build\intermediates\cxx\RelWithDebInfo\6c5o5r5w\obj\x86_64\libreactnative.so' failed. Doing a slower copy instead.

> Task :react-native-gesture-handler:mergeReleaseJniLibFolders
> Task :react-native-gesture-handler:extractDeepLinksForAarRelease
> Task :react-native-gesture-handler:extractReleaseAnnotations
> Task :react-native-gesture-handler:mergeReleaseGeneratedProguardFiles
> Task :react-native-gesture-handler:mergeReleaseConsumerProguardFiles
> Task :react-native-gesture-handler:mergeReleaseShaders
> Task :react-native-gesture-handler:compileReleaseShaders NO-SOURCE
> Task :react-native-gesture-handler:generateReleaseAssets UP-TO-DATE
> Task :react-native-gesture-handler:packageReleaseAssets
> Task :react-native-gesture-handler:prepareReleaseArtProfile
> Task :react-native-gesture-handler:mergeReleaseNativeLibs
> Task :react-native-safe-area-context:mergeReleaseJniLibFolders
> Task :react-native-safe-area-context:mergeReleaseNativeLibs NO-SOURCE
> Task :react-native-safe-area-context:stripReleaseDebugSymbols NO-SOURCE
> Task :react-native-safe-area-context:extractDeepLinksForAarRelease
> Task :react-native-safe-area-context:copyReleaseJniLibsProjectAndLocalJars
> Task :react-native-safe-area-context:extractReleaseAnnotations
> Task :react-native-safe-area-context:mergeReleaseGeneratedProguardFiles
> Task :react-native-safe-area-context:mergeReleaseConsumerProguardFiles
> Task :react-native-safe-area-context:mergeReleaseShaders
> Task :react-native-safe-area-context:compileReleaseShaders NO-SOURCE
> Task :react-native-safe-area-context:generateReleaseAssets UP-TO-DATE
> Task :react-native-safe-area-context:packageReleaseAssets
> Task :react-native-safe-area-context:prepareReleaseArtProfile
> Task :react-native-safe-area-context:mergeReleaseJavaResource
> Task :react-native-gesture-handler:mergeReleaseJavaResource
> Task :react-native-gesture-handler:stripReleaseDebugSymbols
> Task :react-native-screens:configureCMakeRelWithDebInfo[arm64-v8a]
> Task :react-native-gesture-handler:copyReleaseJniLibsProjectAndLocalJars
> Task :react-native-gesture-handler:syncReleaseLibJars
> Task :react-native-gesture-handler:bundleReleaseLocalLintAar
> Task :react-native-safe-area-context:syncReleaseLibJars
> Task :react-native-safe-area-context:bundleReleaseLocalLintAar

> Task :react-native-screens:buildCMakeRelWithDebInfo[arm64-v8a]
C/C++: Hard link from 'C:\Users\patil\.gradle\caches\8.13\transforms\e702d807405e02934ddf4aeab8285ec0\transformed\react-android-0.79.1-release\prefab\modules\reactnative\libs\android.arm64-v8a\libreactnative.so' to 'D:\Plant_App\PlantApp\node_modules\react-native-screens\android\build\intermediates\cxx\RelWithDebInfo\283m6i4d\obj\arm64-v8a\libreactnative.so' failed. Doing a slower copy instead.
C/C++: Hard link from 'C:\Users\patil\.gradle\caches\8.13\transforms\e702d807405e02934ddf4aeab8285ec0\transformed\react-android-0.79.1-release\prefab\modules\reactnative\libs\android.arm64-v8a\libreactnative.so' to 'D:\Plant_App\PlantApp\node_modules\react-native-screens\android\build\intermediates\cxx\RelWithDebInfo\283m6i4d\obj\arm64-v8a\libreactnative.so' failed. Doing a slower copy instead.

> Task :react-native-screens:configureCMakeRelWithDebInfo[armeabi-v7a]
> Task :react-native-screens:buildCMakeRelWithDebInfo[armeabi-v7a]
> Task :react-native-screens:configureCMakeRelWithDebInfo[x86]
> Task :react-native-screens:buildCMakeRelWithDebInfo[x86]
> Task :react-native-screens:configureCMakeRelWithDebInfo[x86_64]

> Task :react-native-screens:buildCMakeRelWithDebInfo[x86_64]
C/C++: Hard link from 'C:\Users\patil\.gradle\caches\8.13\transforms\e702d807405e02934ddf4aeab8285ec0\transformed\react-android-0.79.1-release\prefab\modules\reactnative\libs\android.x86_64\libreactnative.so' to 'D:\Plant_App\PlantApp\node_modules\react-native-screens\android\build\intermediates\cxx\RelWithDebInfo\283m6i4d\obj\x86_64\libreactnative.so' failed. Doing a slower copy instead.
C/C++: Hard link from 'C:\Users\patil\.gradle\caches\8.13\transforms\e702d807405e02934ddf4aeab8285ec0\transformed\react-android-0.79.1-release\prefab\modules\reactnative\libs\android.x86_64\libreactnative.so' to 'D:\Plant_App\PlantApp\node_modules\react-native-screens\android\build\intermediates\cxx\RelWithDebInfo\283m6i4d\obj\x86_64\libreactnative.so' failed. Doing a slower copy instead.

> Task :react-native-screens:mergeReleaseJniLibFolders
> Task :react-native-screens:extractDeepLinksForAarRelease
> Task :react-native-screens:extractReleaseAnnotations
> Task :react-native-screens:mergeReleaseGeneratedProguardFiles
> Task :react-native-screens:mergeReleaseNativeLibs
> Task :react-native-screens:mergeReleaseConsumerProguardFiles
> Task :react-native-screens:mergeReleaseShaders
> Task :react-native-screens:compileReleaseShaders NO-SOURCE
> Task :react-native-screens:generateReleaseAssets UP-TO-DATE
> Task :react-native-screens:packageReleaseAssets
> Task :react-native-screens:prepareReleaseArtProfile
> Task :react-native-async-storage_async-storage:mergeReleaseJniLibFolders
> Task :react-native-async-storage_async-storage:mergeReleaseNativeLibs NO-SOURCE
> Task :react-native-async-storage_async-storage:stripReleaseDebugSymbols NO-SOURCE
> Task :react-native-async-storage_async-storage:copyReleaseJniLibsProjectAndLocalJars
> Task :react-native-screens:mergeReleaseJavaResource
> Task :react-native-async-storage_async-storage:extractDeepLinksForAarRelease
> Task :react-native-screens:stripReleaseDebugSymbols
> Task :react-native-screens:syncReleaseLibJars
> Task :react-native-async-storage_async-storage:extractReleaseAnnotations
> Task :react-native-async-storage_async-storage:mergeReleaseGeneratedProguardFiles
> Task :react-native-async-storage_async-storage:mergeReleaseConsumerProguardFiles
> Task :react-native-screens:copyReleaseJniLibsProjectAndLocalJars
> Task :react-native-async-storage_async-storage:mergeReleaseShaders
> Task :react-native-screens:bundleReleaseLocalLintAar
> Task :react-native-async-storage_async-storage:compileReleaseShaders NO-SOURCE
> Task :react-native-async-storage_async-storage:generateReleaseAssets UP-TO-DATE
> Task :react-native-async-storage_async-storage:packageReleaseAssets
> Task :react-native-async-storage_async-storage:prepareReleaseArtProfile
> Task :react-native-image-picker:mergeReleaseJniLibFolders
> Task :react-native-async-storage_async-storage:mergeReleaseJavaResource
> Task :react-native-image-picker:mergeReleaseNativeLibs NO-SOURCE
> Task :react-native-async-storage_async-storage:syncReleaseLibJars
> Task :react-native-async-storage_async-storage:bundleReleaseLocalLintAar
> Task :react-native-image-picker:stripReleaseDebugSymbols NO-SOURCE
> Task :react-native-image-picker:copyReleaseJniLibsProjectAndLocalJars
> Task :react-native-image-picker:extractDeepLinksForAarRelease
> Task :react-native-image-picker:extractReleaseAnnotations
> Task :react-native-image-picker:mergeReleaseGeneratedProguardFiles
> Task :react-native-image-picker:mergeReleaseConsumerProguardFiles
> Task :react-native-image-picker:mergeReleaseShaders
> Task :react-native-image-picker:compileReleaseShaders NO-SOURCE
> Task :react-native-image-picker:generateReleaseAssets UP-TO-DATE
> Task :react-native-image-picker:packageReleaseAssets
> Task :react-native-image-picker:prepareReleaseArtProfile
> Task :react-native-image-picker:mergeReleaseJavaResource
> Task :react-native-reanimated:mergeReleaseJniLibFolders
> Task :react-native-image-picker:syncReleaseLibJars
> Task :react-native-image-picker:bundleReleaseLocalLintAar
> Task :react-native-reanimated:extractDeepLinksForAarRelease
> Task :react-native-reanimated:extractReleaseAnnotations
> Task :react-native-reanimated:mergeReleaseGeneratedProguardFiles
> Task :react-native-reanimated:mergeReleaseConsumerProguardFiles
> Task :react-native-reanimated:mergeReleaseShaders
> Task :react-native-reanimated:compileReleaseShaders NO-SOURCE
> Task :react-native-reanimated:generateReleaseAssets UP-TO-DATE
> Task :react-native-reanimated:packageReleaseAssets
> Task :react-native-reanimated:prepareReleaseArtProfile
> Task :react-native-reanimated:mergeReleaseJavaResource
> Task :react-native-reanimated:syncReleaseLibJars
> Task :react-native-async-storage_async-storage:writeReleaseLintModelMetadata
> Task :react-native-reanimated:writeReleaseLintModelMetadata
> Task :react-native-gesture-handler:writeReleaseLintModelMetadata
> Task :react-native-image-picker:writeReleaseLintModelMetadata
> Task :react-native-safe-area-context:writeReleaseLintModelMetadata
> Task :react-native-screens:writeReleaseLintModelMetadata
> Task :react-native-reanimated:mergeReleaseNativeLibs
> Task :react-native-async-storage_async-storage:generateReleaseLintVitalModel
> Task :react-native-gesture-handler:generateReleaseLintVitalModel
> Task :react-native-image-picker:generateReleaseLintVitalModel
> Task :react-native-reanimated:generateReleaseLintVitalModel
> Task :react-native-safe-area-context:generateReleaseLintVitalModel
> Task :react-native-screens:generateReleaseLintVitalModel
> Task :react-native-reanimated:stripReleaseDebugSymbols
> Task :app:configureCMakeRelWithDebInfo[arm64-v8a]
> Task :react-native-reanimated:copyReleaseJniLibsProjectAndLocalJars
> Task :react-native-image-picker:lintVitalAnalyzeRelease
> Task :react-native-async-storage_async-storage:lintVitalAnalyzeRelease
> Task :react-native-reanimated:lintVitalAnalyzeRelease
> Task :app:buildCMakeRelWithDebInfo[arm64-v8a]
C/C++: Hard link from 'C:\Users\patil\.gradle\caches\8.13\transforms\e702d807405e02934ddf4aeab8285ec0\transformed\react-android-0.79.1-release\prefab\modules\reactnative\libs\android.arm64-v8a\libreactnative.so' to 'D:\Plant_App\PlantApp\android\app\build\intermediates\cxx\RelWithDebInfo\5e1vy6w7\obj\arm64-v8a\libreactnative.so' failed. Doing a slower copy instead.
C/C++: Hard link from 'C:\Users\patil\.gradle\caches\8.13\transforms\e702d807405e02934ddf4aeab8285ec0\transformed\react-android-0.79.1-release\prefab\modules\reactnative\libs\android.arm64-v8a\libreactnative.so' to 'D:\Plant_App\PlantApp\android\app\build\intermediates\cxx\RelWithDebInfo\5e1vy6w7\obj\arm64-v8a\libreactnative.so' failed. Doing a slower copy instead.

> Task :react-native-reanimated:bundleReleaseLocalLintAar
> Task :app:configureCMakeRelWithDebInfo[armeabi-v7a]
> Task :react-native-safe-area-context:lintVitalAnalyzeRelease
> Task :react-native-screens:lintVitalAnalyzeRelease
> Task :react-native-gesture-handler:lintVitalAnalyzeRelease
> Task :app:buildCMakeRelWithDebInfo[armeabi-v7a]
> Task :app:lintVitalAnalyzeRelease
> Task :app:configureCMakeRelWithDebInfo[x86]
> Task :app:lintVitalReportRelease
> Task :app:buildCMakeRelWithDebInfo[x86]
> Task :app:lintVitalRelease
> Task :app:configureCMakeRelWithDebInfo[x86_64]
> Task :app:buildCMakeRelWithDebInfo[x86_64]
C/C++: Hard link from 'C:\Users\patil\.gradle\caches\8.13\transforms\e702d807405e02934ddf4aeab8285ec0\transformed\react-android-0.79.1-release\prefab\modules\reactnative\libs\android.x86_64\libreactnative.so' to 'D:\Plant_App\PlantApp\android\app\build\intermediates\cxx\RelWithDebInfo\5e1vy6w7\obj\x86_64\libreactnative.so' failed. Doing a slower copy instead.
C/C++: Hard link from 'C:\Users\patil\.gradle\caches\8.13\transforms\e702d807405e02934ddf4aeab8285ec0\transformed\react-android-0.79.1-release\prefab\modules\reactnative\libs\android.x86_64\libreactnative.so' to 'D:\Plant_App\PlantApp\android\app\build\intermediates\cxx\RelWithDebInfo\5e1vy6w7\obj\x86_64\libreactnative.so' failed. Doing a slower copy instead.

> Task :app:mergeReleaseJniLibFolders
> Task :react-native-async-storage_async-storage:copyReleaseJniLibsProjectOnly
> Task :react-native-image-picker:copyReleaseJniLibsProjectOnly
> Task :react-native-safe-area-context:copyReleaseJniLibsProjectOnly
> Task :react-native-image-picker:bundleLibRuntimeToDirRelease
> Task :react-native-async-storage_async-storage:bundleLibRuntimeToDirRelease
> Task :react-native-gesture-handler:copyReleaseJniLibsProjectOnly
> Task :react-native-screens:copyReleaseJniLibsProjectOnly
> Task :react-native-safe-area-context:bundleLibRuntimeToDirRelease
> Task :react-native-reanimated:copyReleaseJniLibsProjectOnly
> Task :react-native-gesture-handler:bundleLibRuntimeToDirRelease
> Task :react-native-reanimated:bundleLibRuntimeToDirRelease
> Task :react-native-screens:bundleLibRuntimeToDirRelease
> Task :app:checkReleaseDuplicateClasses
> Task :app:dexBuilderRelease
> Task :app:desugarReleaseFileDependencies
> Task :app:mergeReleaseStartupProfile
> Task :app:mergeReleaseNativeLibs
> Task :app:mergeExtDexRelease
> Task :app:mergeReleaseArtProfile
> Task :app:stripReleaseDebugSymbols
> Task :app:mergeReleaseShaders
> Task :app:compileReleaseShaders NO-SOURCE
> Task :app:generateReleaseAssets UP-TO-DATE
> Task :app:mergeReleaseGlobalSynthetics
> Task :app:mergeReleaseAssets
> Task :app:extractReleaseVersionControlInfo
> Task :app:processReleaseJavaRes
> Task :app:extractReleaseNativeSymbolTables
> Task :app:compressReleaseAssets
> Task :app:collectReleaseDependencies
> Task :app:sdkReleaseDependencyData
> Task :app:optimizeReleaseResources
> Task :app:validateSigningRelease
> Task :app:writeReleaseAppMetadata
> Task :app:writeReleaseSigningConfigVersions
> Task :react-native-async-storage_async-storage:bundleReleaseAar
> Task :react-native-async-storage_async-storage:mapReleaseSourceSetPaths
> Task :app:mergeReleaseNativeDebugMetadata
> Task :react-native-async-storage_async-storage:mergeReleaseResources
> Task :app:mergeReleaseJavaResource
> Task :react-native-gesture-handler:bundleReleaseAar
> Task :react-native-gesture-handler:mapReleaseSourceSetPaths
> Task :app:mergeDexRelease
> Task :react-native-gesture-handler:mergeReleaseResources
> Task :app:compileReleaseArtProfile
> Task :react-native-async-storage_async-storage:verifyReleaseResources
> Task :react-native-async-storage_async-storage:assembleRelease
> Task :react-native-image-picker:bundleReleaseAar
> Task :react-native-image-picker:mapReleaseSourceSetPaths
> Task :react-native-image-picker:mergeReleaseResources
> Task :react-native-reanimated:bundleReleaseAar
> Task :react-native-reanimated:mapReleaseSourceSetPaths
> Task :react-native-gesture-handler:verifyReleaseResources
> Task :react-native-reanimated:mergeReleaseResources
> Task :react-native-gesture-handler:assembleRelease
> Task :react-native-safe-area-context:bundleReleaseAar
> Task :react-native-safe-area-context:mapReleaseSourceSetPaths
> Task :react-native-image-picker:verifyReleaseResources
> Task :app:packageRelease
> Task :react-native-reanimated:verifyReleaseResources
> Task :react-native-safe-area-context:mergeReleaseResources
> Task :react-native-image-picker:assembleRelease
> Task :react-native-reanimated:assembleRelease
> Task :react-native-screens:bundleReleaseAar
> Task :react-native-screens:mapReleaseSourceSetPaths
> Task :react-native-safe-area-context:verifyReleaseResources
> Task :react-native-screens:mergeReleaseResources
> Task :react-native-safe-area-context:assembleRelease
> Task :app:createReleaseApkListingFileRedirect
> Task :app:assembleRelease
> Task :react-native-screens:verifyReleaseResources
> Task :react-native-screens:assembleRelease

[Incubating] Problems report is available at: file:///D:/Plant_App/PlantApp/android/build/reports/problems/problems-report.html

Deprecated Gradle features were used in this build, making it incompatible with Gradle 9.0.

You can use '--warning-mode all' to show the individual deprecation warnings and determine if they come from your own scripts or plugins.

For more on this, please refer to https://docs.gradle.org/8.13/userguide/command_line_interface.html#sec:command_line_warnings in the Gradle documentation.

BUILD SUCCESSFUL in 21h 53m 10s
359 actionable tasks: 349 executed, 10 up-to-date
